// Jest Snapshot v1, https://goo.gl/fbAQLP

exports[`getMoves pulls a list of moves by character name 1`] = `
[
  {
    "_id": "63b30ca0f5cb73304090871e",
    "blockFrame": "-22",
    "characterName": "Julia",
    "command": "In rage df+1+2",
    "counterHitFrame": "throw",
    "damage": "10,45",
    "hitFrame": "throw",
    "hitLevel": "m (throw)",
    "notes": "Rage art",
    "startUpFrame": "20",
  },
  {
    "_id": "63b30ca0f5cb73304090871f",
    "blockFrame": "2",
    "characterName": "Julia",
    "command": "In rage f+2+3",
    "counterHitFrame": "KND",
    "damage": "20,35",
    "hitFrame": " KND",
    "hitLevel": "m, m",
    "notes": "Rage drive",
    "startUpFrame": "15",
  },
  {
    "_id": "63b30ca0f5cb733040908720",
    "blockFrame": "1",
    "characterName": "Julia",
    "command": "1",
    "counterHitFrame": "8",
    "damage": "7",
    "hitFrame": "8",
    "hitLevel": "h",
    "notes": "",
    "startUpFrame": "10",
  },
  {
    "_id": "63b30ca0f5cb733040908721",
    "blockFrame": "-9",
    "characterName": "Julia",
    "command": "1, 1",
    "counterHitFrame": "+2s",
    "damage": "7,12",
    "hitFrame": "2",
    "hitLevel": "h, m",
    "notes": "",
    "startUpFrame": "10",
  },
  {
    "_id": "63b30ca0f5cb733040908722",
    "blockFrame": "-14",
    "characterName": "Julia",
    "command": "1, 1, 1",
    "counterHitFrame": "KND",
    "damage": "7,12,20",
    "hitFrame": "KND",
    "hitLevel": "h, m, m",
    "notes": "",
    "startUpFrame": "10",
  },
  {
    "_id": "63b30ca0f5cb733040908723",
    "blockFrame": "-9",
    "characterName": "Julia",
    "command": "1, 1, 2",
    "counterHitFrame": "KND",
    "damage": "7,12,20",
    "hitFrame": "KND",
    "hitLevel": "h, m m",
    "notes": "",
    "startUpFrame": "10",
  },
  {
    "_id": "63b30ca0f5cb733040908724",
    "blockFrame": "-1",
    "characterName": "Julia",
    "command": "1, 2",
    "counterHitFrame": "5",
    "damage": "7,10",
    "hitFrame": "5",
    "hitLevel": "h, h",
    "notes": "",
    "startUpFrame": "10",
  },
  {
    "_id": "63b30ca0f5cb733040908725",
    "blockFrame": "-9",
    "characterName": "Julia",
    "command": "1, 2, 3 or 4",
    "counterHitFrame": "-3",
    "damage": "7,10",
    "hitFrame": "-3",
    "hitLevel": "h, h (CES)",
    "notes": "",
    "startUpFrame": "10",
  },
  {
    "_id": "63b30ca0f5cb733040908726",
    "blockFrame": "-13",
    "characterName": "Julia",
    "command": "1, 2, 1",
    "counterHitFrame": "3",
    "damage": "7,10,10",
    "hitFrame": "3",
    "hitLevel": "h, h, m",
    "notes": "",
    "startUpFrame": "10",
  },
  {
    "_id": "63b30ca0f5cb733040908727",
    "blockFrame": "-14",
    "characterName": "Julia",
    "command": "1, 2, 1, 1",
    "counterHitFrame": "KND",
    "damage": "7,10,10,20",
    "hitFrame": "KND",
    "hitLevel": "h, h, m, l",
    "notes": "",
    "startUpFrame": "10",
  },
  {
    "_id": "63b30ca0f5cb733040908728",
    "blockFrame": "-2",
    "characterName": "Julia",
    "command": "2",
    "counterHitFrame": "7",
    "damage": "10",
    "hitFrame": "7",
    "hitLevel": "h",
    "notes": "",
    "startUpFrame": "10",
  },
  {
    "_id": "63b30ca0f5cb733040908729",
    "blockFrame": "-8",
    "characterName": "Julia",
    "command": "2, B",
    "counterHitFrame": "5",
    "damage": "10",
    "hitFrame": "5",
    "hitLevel": "h (special)",
    "notes": "",
    "startUpFrame": "12",
  },
  {
    "_id": "63b30ca0f5cb73304090872a",
    "blockFrame": "",
    "characterName": "Julia",
    "command": "(after back spin) 1+2",
    "counterHitFrame": "4",
    "damage": "22",
    "hitFrame": "4",
    "hitLevel": "h",
    "notes": "",
    "startUpFrame": "",
  },
  {
    "_id": "63b30ca0f5cb73304090872b",
    "blockFrame": "-14",
    "characterName": "Julia",
    "command": "3",
    "counterHitFrame": "KND",
    "damage": "17",
    "hitFrame": "KND",
    "hitLevel": "h",
    "notes": "",
    "startUpFrame": "14",
  },
  {
    "_id": "63b30ca0f5cb73304090872c",
    "blockFrame": "-12",
    "characterName": "Julia",
    "command": "4",
    "counterHitFrame": "JG",
    "damage": "15",
    "hitFrame": "-3",
    "hitLevel": "h",
    "notes": "",
    "startUpFrame": "11",
  },
  {
    "_id": "63b30ca0f5cb73304090872d",
    "blockFrame": "-16",
    "characterName": "Julia",
    "command": "4, 4",
    "counterHitFrame": "-2",
    "damage": "15,12",
    "hitFrame": "-2",
    "hitLevel": "h, l (TC)",
    "notes": "",
    "startUpFrame": "11",
  },
  {
    "_id": "63b30ca0f5cb73304090872e",
    "blockFrame": "-14",
    "characterName": "Julia",
    "command": "4, 4, 1",
    "counterHitFrame": "JG",
    "damage": "15,12,21",
    "hitFrame": "JG",
    "hitLevel": "h, l, m",
    "notes": "",
    "startUpFrame": "11",
  },
  {
    "_id": "63b30ca0f5cb73304090872f",
    "blockFrame": "-9",
    "characterName": "Julia",
    "command": "4, 4, 1~2",
    "counterHitFrame": "KND",
    "damage": "15,12,20",
    "hitFrame": "KND",
    "hitLevel": "h, l, m",
    "notes": "",
    "startUpFrame": "11",
  },
  {
    "_id": "63b30ca0f5cb733040908730",
    "blockFrame": "-6",
    "characterName": "Julia",
    "command": "4, 4, 4",
    "counterHitFrame": "KND",
    "damage": "15,12,23",
    "hitFrame": "KND",
    "hitLevel": "h, l, h",
    "notes": "",
    "startUpFrame": "11",
  },
  {
    "_id": "63b30ca0f5cb733040908731",
    "blockFrame": "-19",
    "characterName": "Julia",
    "command": "4, 4, d+4",
    "counterHitFrame": "-8",
    "damage": "15,12,10",
    "hitFrame": "-8",
    "hitLevel": "h, l, l",
    "notes": "",
    "startUpFrame": "11",
  },
  {
    "_id": "63b30ca0f5cb733040908732",
    "blockFrame": "-12",
    "characterName": "Julia",
    "command": "4~2",
    "counterHitFrame": "1",
    "damage": "7,5",
    "hitFrame": "-4",
    "hitLevel": "lh",
    "notes": "",
    "startUpFrame": "15",
  },
  {
    "_id": "63b30ca0f5cb733040908733",
    "blockFrame": "-16",
    "characterName": "Julia",
    "command": "4~2, 1",
    "counterHitFrame": "KND",
    "damage": "7,5,21",
    "hitFrame": "KND",
    "hitLevel": "lh, m",
    "notes": "",
    "startUpFrame": "15",
  },
  {
    "_id": "63b30ca0f5cb733040908734",
    "blockFrame": "-5",
    "characterName": "Julia",
    "command": "1+2",
    "counterHitFrame": "6",
    "damage": "14",
    "hitFrame": "1",
    "hitLevel": "m",
    "notes": "",
    "startUpFrame": "18",
  },
  {
    "_id": "63b30ca0f5cb733040908735",
    "blockFrame": "-12",
    "characterName": "Julia",
    "command": "1+2, 4",
    "counterHitFrame": "4",
    "damage": "14,12",
    "hitFrame": "-1",
    "hitLevel": "m, h",
    "notes": "",
    "startUpFrame": "18",
  },
  {
    "_id": "63b30ca0f5cb733040908736",
    "blockFrame": "-10",
    "characterName": "Julia",
    "command": "1+2, 4, b,f+1+2",
    "counterHitFrame": "KND",
    "damage": "14,12,25",
    "hitFrame": "KND",
    "hitLevel": "m, h, m",
    "notes": "",
    "startUpFrame": "18",
  },
  {
    "_id": "63b30ca0f5cb733040908737",
    "blockFrame": "-20",
    "characterName": "Julia",
    "command": "1+2, 4, 4",
    "counterHitFrame": "KND",
    "damage": "14,12,20",
    "hitFrame": "KND",
    "hitLevel": "m, h, m",
    "notes": "",
    "startUpFrame": "18",
  },
  {
    "_id": "63b30ca0f5cb733040908738",
    "blockFrame": "-26",
    "characterName": "Julia",
    "command": "1+4",
    "counterHitFrame": "KND",
    "damage": "12,21",
    "hitFrame": "KND",
    "hitLevel": "m, l",
    "notes": "",
    "startUpFrame": "18",
  },
  {
    "_id": "63b30ca0f5cb733040908739",
    "blockFrame": "-18",
    "characterName": "Julia",
    "command": "1+4, D",
    "counterHitFrame": "-7s",
    "damage": "12",
    "hitFrame": "-7s",
    "hitLevel": "m",
    "notes": "",
    "startUpFrame": "18",
  },
  {
    "_id": "63b30ca0f5cb73304090873a",
    "blockFrame": "-2",
    "characterName": "Julia",
    "command": "f+2",
    "counterHitFrame": "7",
    "damage": "10",
    "hitFrame": "7",
    "hitLevel": "h",
    "notes": "",
    "startUpFrame": "12",
  },
  {
    "_id": "63b30ca0f5cb73304090873b",
    "blockFrame": "-8",
    "characterName": "Julia",
    "command": "f+2, B",
    "counterHitFrame": "5",
    "damage": "10",
    "hitFrame": "5",
    "hitLevel": "h (special)",
    "notes": "",
    "startUpFrame": "12",
  },
  {
    "_id": "63b30ca0f5cb73304090873c",
    "blockFrame": "-1",
    "characterName": "Julia",
    "command": "f+2, 1",
    "counterHitFrame": "10",
    "damage": "10,14",
    "hitFrame": "5",
    "hitLevel": "h, h",
    "notes": "",
    "startUpFrame": "12",
  },
  {
    "_id": "63b30ca0f5cb73304090873d",
    "blockFrame": "14",
    "characterName": "Julia",
    "command": "f+2, 1, 3",
    "counterHitFrame": "25",
    "damage": "10,14",
    "hitFrame": "+20g",
    "hitLevel": "h, h (CES)",
    "notes": "",
    "startUpFrame": "12",
  },
  {
    "_id": "63b30ca0f5cb73304090873e",
    "blockFrame": "-10",
    "characterName": "Julia",
    "command": "f+2, 1, 2",
    "counterHitFrame": "KND",
    "damage": "10,14,20",
    "hitFrame": "KND",
    "hitLevel": "h, h, m",
    "notes": "",
    "startUpFrame": "12",
  },
  {
    "_id": "63b30ca0f5cb73304090873f",
    "blockFrame": "-8",
    "characterName": "Julia",
    "command": "f+2, 4",
    "counterHitFrame": "KND",
    "damage": "10,17",
    "hitFrame": "5",
    "hitLevel": "h, m",
    "notes": "",
    "startUpFrame": "12",
  },
  {
    "_id": "63b30ca0f5cb733040908740",
    "blockFrame": "-10",
    "characterName": "Julia",
    "command": "f+4",
    "counterHitFrame": "3",
    "damage": "13",
    "hitFrame": "3",
    "hitLevel": "m",
    "notes": "",
    "startUpFrame": "15",
  },
  {
    "_id": "63b30ca0f5cb733040908741",
    "blockFrame": "-14",
    "characterName": "Julia",
    "command": "f+4, 1",
    "counterHitFrame": "KND",
    "damage": "13,23",
    "hitFrame": "KND",
    "hitLevel": "m, m",
    "notes": "",
    "startUpFrame": "15",
  },
  {
    "_id": "63b30ca0f5cb733040908742",
    "blockFrame": "-15",
    "characterName": "Julia",
    "command": "f+4, 1, D",
    "counterHitFrame": "-2",
    "damage": "13",
    "hitFrame": "-2",
    "hitLevel": "m (special)",
    "notes": "",
    "startUpFrame": "15s",
  },
  {
    "_id": "63b30ca0f5cb733040908743",
    "blockFrame": "-14",
    "characterName": "Julia",
    "command": "f+1+2",
    "counterHitFrame": "KND",
    "damage": "25",
    "hitFrame": "KND",
    "hitLevel": "m",
    "notes": "Wall bounce, Power crush",
    "startUpFrame": "18 pc8",
  },
  {
    "_id": "63b30ca0f5cb733040908744",
    "blockFrame": "JG",
    "characterName": "Julia",
    "command": "f+1+4",
    "counterHitFrame": "JG",
    "damage": "40",
    "hitFrame": "JG",
    "hitLevel": "m",
    "notes": "",
    "startUpFrame": "67",
  },
  {
    "_id": "63b30ca0f5cb733040908745",
    "blockFrame": "-5",
    "characterName": "Julia",
    "command": "df+1",
    "counterHitFrame": "1",
    "damage": "13",
    "hitFrame": "1",
    "hitLevel": "m",
    "notes": "",
    "startUpFrame": "14",
  },
  {
    "_id": "63b30ca0f5cb733040908746",
    "blockFrame": "",
    "characterName": "Julia",
    "command": "df+1 when hit crouching opponent",
    "counterHitFrame": "14",
    "damage": "13",
    "hitFrame": "14",
    "hitLevel": "m",
    "notes": "",
    "startUpFrame": "",
  },
  {
    "_id": "63b30ca0f5cb733040908747",
    "blockFrame": "-9",
    "characterName": "Julia",
    "command": "df+2",
    "counterHitFrame": "2",
    "damage": "8",
    "hitFrame": "2",
    "hitLevel": "m",
    "notes": "",
    "startUpFrame": "15",
  },
  {
    "_id": "63b30ca0f5cb733040908748",
    "blockFrame": "-18",
    "characterName": "Julia",
    "command": "df+2, 1",
    "counterHitFrame": "JG",
    "damage": "8,12",
    "hitFrame": "JG",
    "hitLevel": "m, m",
    "notes": "",
    "startUpFrame": "15",
  },
  {
    "_id": "63b30ca0f5cb733040908749",
    "blockFrame": "16",
    "characterName": "Julia",
    "command": "df+2, 3",
    "counterHitFrame": "27",
    "damage": "8",
    "hitFrame": "27",
    "hitLevel": "m (special)",
    "notes": "",
    "startUpFrame": "15",
  },
  {
    "_id": "63b30ca0f5cb73304090874a",
    "blockFrame": "-6",
    "characterName": "Julia",
    "command": "df+2, 4",
    "counterHitFrame": "5",
    "damage": "8,18",
    "hitFrame": "5",
    "hitLevel": "m, h",
    "notes": "",
    "startUpFrame": "15",
  },
  {
    "_id": "63b30ca0f5cb73304090874b",
    "blockFrame": "-7",
    "characterName": "Julia",
    "command": "df+3",
    "counterHitFrame": "4",
    "damage": "14",
    "hitFrame": "4",
    "hitLevel": "m",
    "notes": "",
    "startUpFrame": "13",
  },
  {
    "_id": "63b30ca0f5cb73304090874c",
    "blockFrame": "-13",
    "characterName": "Julia",
    "command": "df+3, 1+2",
    "counterHitFrame": "KND",
    "damage": "14,27",
    "hitFrame": "KND",
    "hitLevel": "m, m",
    "notes": "",
    "startUpFrame": "13",
  },
  {
    "_id": "63b30ca0f5cb73304090874d",
    "blockFrame": "-10",
    "characterName": "Julia",
    "command": "df+4",
    "counterHitFrame": "1",
    "damage": "14",
    "hitFrame": "1",
    "hitLevel": "m",
    "notes": "",
    "startUpFrame": "14",
  },
  {
    "_id": "63b30ca0f5cb73304090874e",
    "blockFrame": "-13",
    "characterName": "Julia",
    "command": "df+4, 2",
    "counterHitFrame": "-2",
    "damage": "14,10",
    "hitFrame": "-2",
    "hitLevel": "m, m",
    "notes": "",
    "startUpFrame": "14",
  },
  {
    "_id": "63b30ca0f5cb73304090874f",
    "blockFrame": "-5",
    "characterName": "Julia",
    "command": "df+4, 2, 3",
    "counterHitFrame": "KND",
    "damage": "14,10,18",
    "hitFrame": "KND",
    "hitLevel": "m, m, h",
    "notes": "Tail spin",
    "startUpFrame": "14",
  },
  {
    "_id": "63b30ca0f5cb733040908750",
    "blockFrame": "-14",
    "characterName": "Julia",
    "command": "df+4, 2, 1",
    "counterHitFrame": "KND",
    "damage": "14,10,25",
    "hitFrame": "KND",
    "hitLevel": "m, m, m",
    "notes": "",
    "startUpFrame": "14",
  },
  {
    "_id": "63b30ca0f5cb733040908751",
    "blockFrame": "-14",
    "characterName": "Julia",
    "command": "df+4, 2, b, f+1",
    "counterHitFrame": "KND",
    "damage": "14, 10, 30",
    "hitFrame": "KND",
    "hitLevel": "m, m, m",
    "notes": "",
    "startUpFrame": "14",
  },
  {
    "_id": "63b30ca0f5cb733040908752",
    "blockFrame": "-7",
    "characterName": "Julia",
    "command": "df+3+4",
    "counterHitFrame": "9",
    "damage": "10,20",
    "hitFrame": "9",
    "hitLevel": "sm, m",
    "notes": "",
    "startUpFrame": "17",
  },
  {
    "_id": "63b30ca0f5cb733040908753",
    "blockFrame": "-5",
    "characterName": "Julia",
    "command": "d+1",
    "counterHitFrame": "6",
    "damage": "5",
    "hitFrame": "6",
    "hitLevel": "sm (TC)",
    "notes": "",
    "startUpFrame": "10 cs4",
  },
  {
    "_id": "63b30ca0f5cb733040908754",
    "blockFrame": "-4",
    "characterName": "Julia",
    "command": "d+2",
    "counterHitFrame": "7",
    "damage": "8",
    "hitFrame": "7",
    "hitLevel": "sm (TC)",
    "notes": "",
    "startUpFrame": "11 cs4",
  },
  {
    "_id": "63b30ca0f5cb733040908755",
    "blockFrame": "-10",
    "characterName": "Julia",
    "command": "d+2, 3",
    "counterHitFrame": "1",
    "damage": "8,14",
    "hitFrame": "1",
    "hitLevel": "sm, m",
    "notes": "",
    "startUpFrame": "11 cs4",
  },
  {
    "_id": "63b30ca0f5cb733040908756",
    "blockFrame": "-12",
    "characterName": "Julia",
    "command": "d+3",
    "counterHitFrame": "+4s",
    "damage": "10",
    "hitFrame": "-1",
    "hitLevel": "l",
    "notes": "",
    "startUpFrame": "13",
  },
  {
    "_id": "63b30ca0f5cb733040908757",
    "blockFrame": "-16",
    "characterName": "Julia",
    "command": "d+4",
    "counterHitFrame": "-2",
    "damage": "12",
    "hitFrame": "-2",
    "hitLevel": "l (TC)",
    "notes": "",
    "startUpFrame": "20 cs6",
  },
  {
    "_id": "63b30ca0f5cb733040908758",
    "blockFrame": "-14",
    "characterName": "Julia",
    "command": "d+4, 1",
    "counterHitFrame": "JG",
    "damage": "12,21",
    "hitFrame": " JG",
    "hitLevel": "l, m",
    "notes": "",
    "startUpFrame": "20 cs6",
  },
  {
    "_id": "63b30ca0f5cb733040908759",
    "blockFrame": "-9",
    "characterName": "Julia",
    "command": "d+4, 1~2",
    "counterHitFrame": "KND",
    "damage": "12,20",
    "hitFrame": "KND",
    "hitLevel": "l, m",
    "notes": "",
    "startUpFrame": "20 cs6",
  },
  {
    "_id": "63b30ca0f5cb73304090875a",
    "blockFrame": "-6",
    "characterName": "Julia",
    "command": "d+4, 4",
    "counterHitFrame": "KND",
    "damage": "12,23",
    "hitFrame": "KND",
    "hitLevel": "l, h",
    "notes": "",
    "startUpFrame": "20 cs6",
  },
  {
    "_id": "63b30ca0f5cb73304090875b",
    "blockFrame": "-19",
    "characterName": "Julia",
    "command": "d+4, d+4",
    "counterHitFrame": "-8",
    "damage": "12,10",
    "hitFrame": "-8",
    "hitLevel": "l, l (TC)",
    "notes": "",
    "startUpFrame": "20 cs6",
  },
  {
    "_id": "63b30ca0f5cb73304090875c",
    "blockFrame": "-14",
    "characterName": "Julia",
    "command": "d+1+2",
    "counterHitFrame": "KND",
    "damage": "27",
    "hitFrame": "KND",
    "hitLevel": "m",
    "notes": "",
    "startUpFrame": "16",
  },
  {
    "_id": "63b30ca0f5cb73304090875d",
    "blockFrame": "-12",
    "characterName": "Julia",
    "command": "db+1",
    "counterHitFrame": "KND",
    "damage": "17",
    "hitFrame": "5",
    "hitLevel": "m (TC)",
    "notes": "",
    "startUpFrame": "19 cs6~15",
  },
  {
    "_id": "63b30ca0f5cb73304090875e",
    "blockFrame": "-10",
    "characterName": "Julia",
    "command": "db+2",
    "counterHitFrame": "1",
    "damage": "13",
    "hitFrame": "1",
    "hitLevel": "m",
    "notes": "",
    "startUpFrame": "15",
  },
  {
    "_id": "63b30ca0f5cb73304090875f",
    "blockFrame": "-11",
    "characterName": "Julia",
    "command": "db+2, 1",
    "counterHitFrame": "0",
    "damage": "13,7",
    "hitFrame": "-4",
    "hitLevel": "m, l",
    "notes": "",
    "startUpFrame": "15",
  },
  {
    "_id": "63b30ca0f5cb733040908760",
    "blockFrame": "-17",
    "characterName": "Julia",
    "command": "db+3",
    "counterHitFrame": "-6",
    "damage": "12",
    "hitFrame": "-6",
    "hitLevel": "l (TC)",
    "notes": "",
    "startUpFrame": "16 cs4",
  },
  {
    "_id": "63b30ca0f5cb733040908761",
    "blockFrame": "-12",
    "characterName": "Julia",
    "command": "db+4",
    "counterHitFrame": "4",
    "damage": "11",
    "hitFrame": "-1",
    "hitLevel": "l ",
    "notes": "",
    "startUpFrame": "15",
  },
  {
    "_id": "63b30ca0f5cb733040908762",
    "blockFrame": "-10",
    "characterName": "Julia",
    "command": "db+4, 1",
    "counterHitFrame": "KND",
    "damage": "11,23",
    "hitFrame": "KND",
    "hitLevel": "l, m",
    "notes": "",
    "startUpFrame": "15",
  },
  {
    "_id": "63b30ca0f5cb733040908763",
    "blockFrame": "-9",
    "characterName": "Julia",
    "command": "b+1",
    "counterHitFrame": "JG",
    "damage": "18",
    "hitFrame": "+5s",
    "hitLevel": "m",
    "notes": "",
    "startUpFrame": "18",
  },
  {
    "_id": "63b30ca0f5cb733040908764",
    "blockFrame": "-10",
    "characterName": "Julia",
    "command": "b+2",
    "counterHitFrame": "1",
    "damage": "14",
    "hitFrame": "1",
    "hitLevel": "h",
    "notes": "",
    "startUpFrame": "13",
  },
  {
    "_id": "63b30ca0f5cb733040908765",
    "blockFrame": "-12",
    "characterName": "Julia",
    "command": "b+2, 3",
    "counterHitFrame": "4",
    "damage": "14,15",
    "hitFrame": "4",
    "hitLevel": "h, h",
    "notes": "",
    "startUpFrame": "13",
  },
  {
    "_id": "63b30ca0f5cb733040908766",
    "blockFrame": "-13",
    "characterName": "Julia",
    "command": "b+2, 3, 1+2",
    "counterHitFrame": "KND",
    "damage": "14,15,21",
    "hitFrame": "KND",
    "hitLevel": "h, h, m",
    "notes": "",
    "startUpFrame": "13",
  },
  {
    "_id": "63b30ca0f5cb733040908767",
    "blockFrame": "-13",
    "characterName": "Julia",
    "command": "b+3",
    "counterHitFrame": "KND",
    "damage": "17",
    "hitFrame": "+4s",
    "hitLevel": "l (TC)",
    "notes": "",
    "startUpFrame": "27 cs6",
  },
  {
    "_id": "63b30ca0f5cb733040908768",
    "blockFrame": "-8",
    "characterName": "Julia",
    "command": "b+3, 4",
    "counterHitFrame": "KND",
    "damage": "17,10",
    "hitFrame": "KND",
    "hitLevel": "l, l (TC)",
    "notes": "",
    "startUpFrame": "27 cs6",
  },
  {
    "_id": "63b30ca0f5cb733040908769",
    "blockFrame": "-2",
    "characterName": "Julia",
    "command": "b+4",
    "counterHitFrame": "KND",
    "damage": "20",
    "hitFrame": "KND",
    "hitLevel": "h",
    "notes": " Homing, Tail spin",
    "startUpFrame": "18",
  },
  {
    "_id": "63b30ca0f5cb73304090876a",
    "blockFrame": "-14",
    "characterName": "Julia",
    "command": "b+1+2",
    "counterHitFrame": "KND",
    "damage": "23",
    "hitFrame": "KND",
    "hitLevel": "m",
    "notes": "",
    "startUpFrame": "21",
  },
  {
    "_id": "63b30ca0f5cb73304090876b",
    "blockFrame": "-12",
    "characterName": "Julia",
    "command": "ub or u+1",
    "counterHitFrame": "-1",
    "damage": "12",
    "hitFrame": "-1",
    "hitLevel": "m (TJ)",
    "notes": "",
    "startUpFrame": "18 js9",
  },
  {
    "_id": "63b30ca0f5cb73304090876c",
    "blockFrame": "-12",
    "characterName": "Julia",
    "command": "uf+1",
    "counterHitFrame": "KND",
    "damage": "17",
    "hitFrame": "+4",
    "hitLevel": "m",
    "notes": "",
    "startUpFrame": "15",
  },
  {
    "_id": "63b30ca0f5cb73304090876d",
    "blockFrame": "-12",
    "characterName": "Julia",
    "command": "ub or u or uf+2",
    "counterHitFrame": "9",
    "damage": "17",
    "hitFrame": "9",
    "hitLevel": "h",
    "notes": "",
    "startUpFrame": "15",
  },
  {
    "_id": "63b30ca0f5cb73304090876e",
    "blockFrame": "-22",
    "characterName": "Julia",
    "command": "ub+3",
    "counterHitFrame": "-9",
    "damage": "14",
    "hitFrame": "-9",
    "hitLevel": "m (TJ)",
    "notes": "",
    "startUpFrame": "15 js9",
  },
  {
    "_id": "63b30ca0f5cb73304090876f",
    "blockFrame": "-20",
    "characterName": "Julia",
    "command": "u+3",
    "counterHitFrame": "KND",
    "damage": "16",
    "hitFrame": "KND",
    "hitLevel": "m (TJ)",
    "notes": "",
    "startUpFrame": "15 js9",
  },
  {
    "_id": "63b30ca0f5cb733040908770",
    "blockFrame": "-16",
    "characterName": "Julia",
    "command": "uf+3",
    "counterHitFrame": "KND",
    "damage": "18",
    "hitFrame": "KND",
    "hitLevel": "m (TJ)",
    "notes": "",
    "startUpFrame": "15 js9",
  },
  {
    "_id": "63b30ca0f5cb733040908771",
    "blockFrame": "-24",
    "characterName": "Julia",
    "command": "ub+4",
    "counterHitFrame": "-13",
    "damage": "14",
    "hitFrame": "-13",
    "hitLevel": "m (TJ)",
    "notes": "",
    "startUpFrame": "15 js9",
  },
  {
    "_id": "63b30ca0f5cb733040908772",
    "blockFrame": "-20",
    "characterName": "Julia",
    "command": "u+4",
    "counterHitFrame": "KND",
    "damage": "16",
    "hitFrame": "KND",
    "hitLevel": "m (TJ)",
    "notes": "",
    "startUpFrame": "15 js9",
  },
  {
    "_id": "63b30ca0f5cb733040908773",
    "blockFrame": "-8",
    "characterName": "Julia",
    "command": "uf+4",
    "counterHitFrame": "4",
    "damage": "8",
    "hitFrame": "4",
    "hitLevel": "m (TJ)",
    "notes": "",
    "startUpFrame": "16 js9",
  },
  {
    "_id": "63b30ca0f5cb733040908774",
    "blockFrame": "-13",
    "characterName": "Julia",
    "command": "uf+4, 3",
    "counterHitFrame": "JG",
    "damage": "8,8",
    "hitFrame": "JG",
    "hitLevel": "m, m",
    "notes": "",
    "startUpFrame": "16 js9",
  },
  {
    "_id": "63b30ca0f5cb733040908775",
    "blockFrame": "-6",
    "characterName": "Julia",
    "command": "uf+4, 3, 1",
    "counterHitFrame": "KND",
    "damage": "8,8,25",
    "hitFrame": "KND",
    "hitLevel": "m, m, m",
    "notes": "",
    "startUpFrame": "16 js9",
  },
  {
    "_id": "63b30ca0f5cb733040908776",
    "blockFrame": "-13",
    "characterName": "Julia",
    "command": "uf+3+4 ",
    "counterHitFrame": "KND",
    "damage": "27",
    "hitFrame": "KND",
    "hitLevel": "m (TJ)",
    "notes": "",
    "startUpFrame": "35 js7",
  },
  {
    "_id": "63b30ca0f5cb733040908777",
    "blockFrame": "-18",
    "characterName": "Julia",
    "command": "uf, N, 4",
    "counterHitFrame": "JG",
    "damage": "25",
    "hitFrame": "JG",
    "hitLevel": "m (TJ)",
    "notes": "",
    "startUpFrame": "23 js9",
  },
  {
    "_id": "63b30ca0f5cb733040908778",
    "blockFrame": "-2",
    "characterName": "Julia",
    "command": "f, F+1",
    "counterHitFrame": "7",
    "damage": "11",
    "hitFrame": "4",
    "hitLevel": "m ",
    "notes": "",
    "startUpFrame": "11",
  },
  {
    "_id": "63b30ca0f5cb733040908779",
    "blockFrame": "-4",
    "characterName": "Julia",
    "command": "f, F+1, 4",
    "counterHitFrame": "KND",
    "damage": "11,17",
    "hitFrame": "+15k",
    "hitLevel": "m, h",
    "notes": "Tail spin",
    "startUpFrame": "",
  },
  {
    "_id": "63b30ca0f5cb73304090877a",
    "blockFrame": "-13",
    "characterName": "Julia",
    "command": "f, F+2",
    "counterHitFrame": "KND",
    "damage": "23",
    "hitFrame": "KND",
    "hitLevel": "m",
    "notes": "",
    "startUpFrame": "18",
  },
  {
    "_id": "63b30ca0f5cb73304090877b",
    "blockFrame": "-14",
    "characterName": "Julia",
    "command": "f, F+3",
    "counterHitFrame": "KND",
    "damage": "21",
    "hitFrame": "KND",
    "hitLevel": "m",
    "notes": "",
    "startUpFrame": "12",
  },
  {
    "_id": "63b30ca0f5cb73304090877c",
    "blockFrame": "2",
    "characterName": "Julia",
    "command": "f, F+4",
    "counterHitFrame": "KND",
    "damage": "25",
    "hitFrame": "KND",
    "hitLevel": "h",
    "notes": "",
    "startUpFrame": "20~21",
  },
  {
    "_id": "63b30ca0f5cb73304090877d",
    "blockFrame": "-9",
    "characterName": "Julia",
    "command": "f, F+1+2",
    "counterHitFrame": "KND",
    "damage": "23",
    "hitFrame": "KND",
    "hitLevel": "m",
    "notes": "Wall bounce",
    "startUpFrame": "13",
  },
  {
    "_id": "63b30ca0f5cb73304090877e",
    "blockFrame": "-6",
    "characterName": "Julia",
    "command": "d, df+1",
    "counterHitFrame": "5",
    "damage": "14",
    "hitFrame": "0",
    "hitLevel": "m",
    "notes": "",
    "startUpFrame": "12",
  },
  {
    "_id": "63b30ca0f5cb73304090877f",
    "blockFrame": "2",
    "characterName": "Julia",
    "command": "d, df+1, 3 or 4",
    "counterHitFrame": "13",
    "damage": "14",
    "hitFrame": "8",
    "hitLevel": "m (CES)",
    "notes": "",
    "startUpFrame": "",
  },
  {
    "_id": "63b30ca0f5cb733040908780",
    "blockFrame": "-8",
    "characterName": "Julia",
    "command": "d, df+1, 3 or 4 (no sequential move)",
    "counterHitFrame": "3",
    "damage": "14",
    "hitFrame": "-2",
    "hitLevel": "m (CES)",
    "notes": "",
    "startUpFrame": "",
  },
  {
    "_id": "63b30ca0f5cb733040908781",
    "blockFrame": "-14",
    "characterName": "Julia",
    "command": "d, df+1, 2",
    "counterHitFrame": "KND",
    "damage": "14,25",
    "hitFrame": "KND",
    "hitLevel": "m, m",
    "notes": "",
    "startUpFrame": "",
  },
  {
    "_id": "63b30ca0f5cb733040908782",
    "blockFrame": "-8",
    "characterName": "Julia",
    "command": "qcf+2",
    "counterHitFrame": "JG",
    "damage": "15",
    "hitFrame": "JG",
    "hitLevel": "h",
    "notes": "",
    "startUpFrame": "15",
  },
  {
    "_id": "63b30ca0f5cb733040908783",
    "blockFrame": "4",
    "characterName": "Julia",
    "command": "f, f, f+1 or WR+1",
    "counterHitFrame": "KND",
    "damage": "28",
    "hitFrame": "KND",
    "hitLevel": "h",
    "notes": "",
    "startUpFrame": "12",
  },
  {
    "_id": "63b30ca0f5cb733040908784",
    "blockFrame": "-14",
    "characterName": "Julia",
    "command": "f, f, f+2 or WR+2",
    "counterHitFrame": "1",
    "damage": "12",
    "hitFrame": "1",
    "hitLevel": "m",
    "notes": "",
    "startUpFrame": "14",
  },
  {
    "_id": "63b30ca0f5cb733040908785",
    "blockFrame": "-13",
    "characterName": "Julia",
    "command": "f, f, f+2, 1",
    "counterHitFrame": "KND",
    "damage": "15,21",
    "hitFrame": "KND",
    "hitLevel": "m, m",
    "notes": "",
    "startUpFrame": "",
  },
  {
    "_id": "63b30ca0f5cb733040908786",
    "blockFrame": "0",
    "characterName": "Julia",
    "command": "f, f, f+3 or WR+3",
    "counterHitFrame": "KND",
    "damage": "30",
    "hitFrame": "KND",
    "hitLevel": "m (TJ)",
    "notes": "",
    "startUpFrame": "23 js3",
  },
  {
    "_id": "63b30ca0f5cb733040908787",
    "blockFrame": "-5",
    "characterName": "Julia",
    "command": "FC+1",
    "counterHitFrame": "6",
    "damage": "5",
    "hitFrame": "6",
    "hitLevel": "sm (TC)",
    "notes": "",
    "startUpFrame": "10",
  },
  {
    "_id": "63b30ca0f5cb733040908788",
    "blockFrame": "-4",
    "characterName": "Julia",
    "command": "FC+2",
    "counterHitFrame": "7",
    "damage": "8",
    "hitFrame": "7",
    "hitLevel": "sm (TC)",
    "notes": "",
    "startUpFrame": "11",
  },
  {
    "_id": "63b30ca0f5cb733040908789",
    "blockFrame": "-17",
    "characterName": "Julia",
    "command": "FC+3",
    "counterHitFrame": "-3",
    "damage": "12",
    "hitFrame": "-3",
    "hitLevel": "l (TC)",
    "notes": "",
    "startUpFrame": "16",
  },
  {
    "_id": "63b30ca0f5cb73304090878a",
    "blockFrame": "-15",
    "characterName": "Julia",
    "command": "FC+4",
    "counterHitFrame": "-4",
    "damage": "10",
    "hitFrame": "-4",
    "hitLevel": "l (TC)",
    "notes": "",
    "startUpFrame": "12",
  },
  {
    "_id": "63b30ca0f5cb73304090878b",
    "blockFrame": "-13",
    "characterName": "Julia",
    "command": "WS+1",
    "counterHitFrame": "JG",
    "damage": "15",
    "hitFrame": "JG",
    "hitLevel": "m",
    "notes": "",
    "startUpFrame": "15",
  },
  {
    "_id": "63b30ca0f5cb73304090878c",
    "blockFrame": "-9",
    "characterName": "Julia",
    "command": "WS+1~2",
    "counterHitFrame": "KND",
    "damage": "20",
    "hitFrame": "KND",
    "hitLevel": "m",
    "notes": "",
    "startUpFrame": "32",
  },
  {
    "_id": "63b30ca0f5cb73304090878d",
    "blockFrame": "-17",
    "characterName": "Julia",
    "command": "WS+2",
    "counterHitFrame": "-6",
    "damage": "11",
    "hitFrame": "-9",
    "hitLevel": "m",
    "notes": "",
    "startUpFrame": "18",
  },
  {
    "_id": "63b30ca0f5cb73304090878e",
    "blockFrame": "2",
    "characterName": "Julia",
    "command": "WS+2, 3 or 4",
    "counterHitFrame": "13",
    "damage": "11",
    "hitFrame": "10",
    "hitLevel": "m (CES)",
    "notes": "",
    "startUpFrame": "18",
  },
  {
    "_id": "63b30ca0f5cb73304090878f",
    "blockFrame": "-4",
    "characterName": "Julia",
    "command": "WS+2, 1",
    "counterHitFrame": "KND",
    "damage": "11,20",
    "hitFrame": "KND",
    "hitLevel": "m, h",
    "notes": "",
    "startUpFrame": "18",
  },
  {
    "_id": "63b30ca0f5cb733040908790",
    "blockFrame": "-16",
    "characterName": "Julia",
    "command": "WS+2, 2",
    "counterHitFrame": "KND",
    "damage": "11,16",
    "hitFrame": "KND",
    "hitLevel": "m, m",
    "notes": "",
    "startUpFrame": "18",
  },
  {
    "_id": "63b30ca0f5cb733040908791",
    "blockFrame": "-18",
    "characterName": "Julia",
    "command": "WS+2, 2, D",
    "counterHitFrame": "KND",
    "damage": "11, 16",
    "hitFrame": "KND",
    "hitLevel": "m, m",
    "notes": "",
    "startUpFrame": "18",
  },
  {
    "_id": "63b30ca0f5cb733040908792",
    "blockFrame": "4",
    "characterName": "Julia",
    "command": "WS+2, 2*",
    "counterHitFrame": "KND",
    "damage": "11,23",
    "hitFrame": "KND",
    "hitLevel": "m, m",
    "notes": "",
    "startUpFrame": "18",
  },
  {
    "_id": "63b30ca0f5cb733040908793",
    "blockFrame": "4",
    "characterName": "Julia",
    "command": "WS+2, 2*, D",
    "counterHitFrame": "KND",
    "damage": "11,23",
    "hitFrame": "KND",
    "hitLevel": "m, m",
    "notes": "",
    "startUpFrame": "18",
  },
  {
    "_id": "63b30ca0f5cb733040908794",
    "blockFrame": "-16",
    "characterName": "Julia",
    "command": "WS+2, 2, 1+2",
    "counterHitFrame": "KND",
    "damage": "11,16(23),25",
    "hitFrame": "KND",
    "hitLevel": "m, m, m (TC)",
    "notes": "",
    "startUpFrame": "18",
  },
  {
    "_id": "63b30ca0f5cb733040908795",
    "blockFrame": "-7",
    "characterName": "Julia",
    "command": "WS+3",
    "counterHitFrame": "KND",
    "damage": "21",
    "hitFrame": "+15k",
    "hitLevel": "m ",
    "notes": "Homing, Tail spin",
    "startUpFrame": "14",
  },
  {
    "_id": "63b30ca0f5cb733040908796",
    "blockFrame": "-12",
    "characterName": "Julia",
    "command": "WS+4",
    "counterHitFrame": "KND",
    "damage": "17",
    "hitFrame": "KND",
    "hitLevel": "m ",
    "notes": "",
    "startUpFrame": "11",
  },
  {
    "_id": "63b30ca0f5cb733040908797",
    "blockFrame": "-14",
    "characterName": "Julia",
    "command": "FC+df+2",
    "counterHitFrame": "KND",
    "damage": "25",
    "hitFrame": "KND",
    "hitLevel": "m (TC)",
    "notes": "",
    "startUpFrame": "12",
  },
  {
    "_id": "63b30ca0f5cb733040908798",
    "blockFrame": "-14",
    "characterName": "Julia",
    "command": "FC+df+4",
    "counterHitFrame": "-3",
    "damage": "9",
    "hitFrame": "-3",
    "hitLevel": "l (TC)",
    "notes": "",
    "startUpFrame": "16",
  },
  {
    "_id": "63b30ca0f5cb733040908799",
    "blockFrame": "-17",
    "characterName": "Julia",
    "command": "FC+df+4, 3",
    "counterHitFrame": "KND",
    "damage": "9,20",
    "hitFrame": "KND",
    "hitLevel": "l, m (TJ)",
    "notes": "",
    "startUpFrame": "16",
  },
  {
    "_id": "63b30ca0f5cb73304090879a",
    "blockFrame": "-5",
    "characterName": "Julia",
    "command": "SS 2",
    "counterHitFrame": "+28g",
    "damage": "15",
    "hitFrame": "3",
    "hitLevel": "m (TC)",
    "notes": "",
    "startUpFrame": "18 cs6",
  },
  {
    "_id": "63b30ca0f5cb73304090879b",
    "blockFrame": "-6",
    "characterName": "Julia",
    "command": "SS 3",
    "counterHitFrame": "KND",
    "damage": "23",
    "hitFrame": "KND",
    "hitLevel": "m",
    "notes": "",
    "startUpFrame": "20",
  },
  {
    "_id": "63b30ca0f5cb73304090879c",
    "blockFrame": "-13",
    "characterName": "Julia",
    "command": "SS 4",
    "counterHitFrame": "+13g",
    "damage": "17",
    "hitFrame": "0",
    "hitLevel": "l",
    "notes": "",
    "startUpFrame": "20~21s (29~)",
  },
  {
    "_id": "63b30ca0f5cb73304090879d",
    "blockFrame": "-21",
    "characterName": "Julia",
    "command": "SS 3+4",
    "counterHitFrame": "JG",
    "damage": "10,10",
    "hitFrame": "JG",
    "hitLevel": "m, m",
    "notes": "",
    "startUpFrame": "22",
  },
  {
    "_id": "63b30ca0f5cb73304090879e",
    "blockFrame": "",
    "characterName": "Julia",
    "command": "1+3+4",
    "counterHitFrame": "",
    "damage": "",
    "hitFrame": "",
    "hitLevel": "(special)",
    "notes": "",
    "startUpFrame": "",
  },
  {
    "_id": "63b30ca0f5cb73304090879f",
    "blockFrame": "",
    "characterName": "Julia",
    "command": "2+3+4",
    "counterHitFrame": "",
    "damage": "",
    "hitFrame": "",
    "hitLevel": "(special)",
    "notes": "",
    "startUpFrame": "",
  },
  {
    "_id": "63b30ca0f5cb7330409087a0",
    "blockFrame": "2",
    "characterName": "Julia",
    "command": "b, b, ub (back against wall)",
    "counterHitFrame": "KND",
    "damage": "21",
    "hitFrame": "KND",
    "hitLevel": "m",
    "notes": "",
    "startUpFrame": "36",
  },
  {
    "_id": "63b30ca0f5cb7330409087a1",
    "blockFrame": "-8",
    "characterName": "Julia",
    "command": "BT 1 or 2",
    "counterHitFrame": "3",
    "damage": "15",
    "hitFrame": "3",
    "hitLevel": "h",
    "notes": "",
    "startUpFrame": "8",
  },
  {
    "_id": "63b30ca0f5cb7330409087a2",
    "blockFrame": "-8",
    "characterName": "Julia",
    "command": "BT 3 or 4",
    "counterHitFrame": "KND",
    "damage": "18",
    "hitFrame": "KND",
    "hitLevel": "h",
    "notes": "",
    "startUpFrame": "10",
  },
  {
    "_id": "63b30ca0f5cb7330409087a3",
    "blockFrame": "-2",
    "characterName": "Julia",
    "command": "BT d+1 or d+2",
    "counterHitFrame": "9",
    "damage": "10",
    "hitFrame": "9",
    "hitLevel": "sm",
    "notes": "",
    "startUpFrame": "10",
  },
  {
    "_id": "63b30ca0f5cb7330409087a4",
    "blockFrame": "-11",
    "characterName": "Julia",
    "command": "BT d+3 or d+4",
    "counterHitFrame": "3",
    "damage": "12",
    "hitFrame": "3",
    "hitLevel": "l",
    "notes": "",
    "startUpFrame": "10",
  },
  {
    "_id": "63b30ca0f5cb7330409087a5",
    "blockFrame": "",
    "characterName": "Julia",
    "command": "3+4 or BT 3+4",
    "counterHitFrame": "",
    "damage": "",
    "hitFrame": "",
    "hitLevel": "(CES)",
    "notes": "",
    "startUpFrame": "",
  },
  {
    "_id": "63b30ca0f5cb7330409087a6",
    "blockFrame": "",
    "characterName": "Julia",
    "command": "u+3+4 or d+3+4",
    "counterHitFrame": "",
    "damage": "",
    "hitFrame": "",
    "hitLevel": "(CES)",
    "notes": "",
    "startUpFrame": "",
  },
  {
    "_id": "63b30ca0f5cb7330409087a7",
    "blockFrame": "0",
    "characterName": "Julia",
    "command": "CES 1",
    "counterHitFrame": "KND",
    "damage": "14",
    "hitFrame": "6",
    "hitLevel": "h",
    "notes": "",
    "startUpFrame": "15",
  },
  {
    "_id": "63b30ca0f5cb7330409087a8",
    "blockFrame": "-9",
    "characterName": "Julia",
    "command": "CES 2",
    "counterHitFrame": "+11k",
    "damage": "20",
    "hitFrame": "+11k",
    "hitLevel": "m",
    "notes": "Tail spin",
    "startUpFrame": "18",
  },
  {
    "_id": "63b30ca0f5cb7330409087a9",
    "blockFrame": "-17",
    "characterName": "Julia",
    "command": "CES 3",
    "counterHitFrame": "-7",
    "damage": "10",
    "hitFrame": "-7",
    "hitLevel": "m",
    "notes": "",
    "startUpFrame": "18",
  },
  {
    "_id": "63b30ca0f5cb7330409087aa",
    "blockFrame": "-13",
    "characterName": "Julia",
    "command": "CES 3, 1+2",
    "counterHitFrame": "KND",
    "damage": "10,27",
    "hitFrame": "KND",
    "hitLevel": "m, m",
    "notes": "",
    "startUpFrame": "18",
  },
  {
    "_id": "63b30ca0f5cb7330409087ab",
    "blockFrame": "-26",
    "characterName": "Julia",
    "command": "CES 4",
    "counterHitFrame": "+6s",
    "damage": "14",
    "hitFrame": "+6s",
    "hitLevel": "l (TC)",
    "notes": "",
    "startUpFrame": "20 cs6",
  },
  {
    "_id": "63b30ca0f5cb7330409087ac",
    "blockFrame": "-16",
    "characterName": "Julia",
    "command": "CES 4, 1+2",
    "counterHitFrame": "KND",
    "damage": "14,27",
    "hitFrame": "KND",
    "hitLevel": "l, m (TC)",
    "notes": "",
    "startUpFrame": "20 cs6",
  },
  {
    "_id": "63b30ca0f5cb7330409087ad",
    "blockFrame": "-9",
    "characterName": "Julia",
    "command": "CES 1+2",
    "counterHitFrame": "JG",
    "damage": "18",
    "hitFrame": "+5s",
    "hitLevel": "m",
    "notes": "",
    "startUpFrame": "19",
  },
  {
    "_id": "63b30ca0f5cb7330409087ae",
    "blockFrame": "",
    "characterName": "Julia",
    "command": "f+3",
    "counterHitFrame": "",
    "damage": "",
    "hitFrame": "",
    "hitLevel": "(special)",
    "notes": "",
    "startUpFrame": "js13",
  },
  {
    "_id": "63b30ca0f5cb7330409087af",
    "blockFrame": "",
    "characterName": "Julia",
    "command": "f+3, D or DB",
    "counterHitFrame": "",
    "damage": "",
    "hitFrame": "",
    "hitLevel": "(recover crouch)",
    "notes": "",
    "startUpFrame": "js13",
  },
  {
    "_id": "63b30ca0f5cb7330409087b0",
    "blockFrame": "-3",
    "characterName": "Julia",
    "command": "f+3~1",
    "counterHitFrame": "KND",
    "damage": "24",
    "hitFrame": "KND",
    "hitLevel": "h (TJ)",
    "notes": "",
    "startUpFrame": "19 js18",
  },
  {
    "_id": "63b30ca0f5cb7330409087b1",
    "blockFrame": "-13",
    "characterName": "Julia",
    "command": "f+3, 1",
    "counterHitFrame": "JG",
    "damage": "15",
    "hitFrame": "JG",
    "hitLevel": "m ",
    "notes": "",
    "startUpFrame": "39",
  },
  {
    "_id": "63b30ca0f5cb7330409087b2",
    "blockFrame": "-8",
    "characterName": "Julia",
    "command": "f+3, 2",
    "counterHitFrame": "KND",
    "damage": "20",
    "hitFrame": "KND",
    "hitLevel": "m",
    "notes": "",
    "startUpFrame": "31",
  },
  {
    "_id": "63b30ca0f5cb7330409087b3",
    "blockFrame": "-13",
    "characterName": "Julia",
    "command": "f+3, 4",
    "counterHitFrame": "KND",
    "damage": "17",
    "hitFrame": "2",
    "hitLevel": "l",
    "notes": "",
    "startUpFrame": "33",
  },
  {
    "_id": "63b30ca0f5cb7330409087b4",
    "blockFrame": "",
    "characterName": "Julia",
    "command": "f+3, 1+2",
    "counterHitFrame": "Throw",
    "damage": "40",
    "hitFrame": "Throw",
    "hitLevel": "h",
    "notes": "Also air throw ",
    "startUpFrame": "js13",
  },
  {
    "_id": "63b30ca0f5cb7330409087b5",
    "blockFrame": "-16",
    "characterName": "Julia",
    "command": "f+3, uf+3+4",
    "counterHitFrame": "JG",
    "damage": "8,12",
    "hitFrame": "JG",
    "hitLevel": "m, h",
    "notes": "",
    "startUpFrame": "39",
  },
]
`;
